// Jest Snapshot v1, https://goo.gl/fbAQLP

exports[`checks if app renders should render 1`] = `
<div
  className="App"
  style={
    Object {
      "display": "flex",
      "flexDirection": "column",
      "width": 700,
    }
  }
>
  <div
    className="display"
  >
    <p
      className="result"
      style={
        Object {
          "display": "block",
        }
      }
    />
    <p
      className="operation"
    />
    <p
      className="next"
    />
  </div>
  <div>
    <button
      onClick={[Function]}
      style={
        Object {
          "backgroundColor": "",
          "width": "25%",
        }
      }
      type="button"
    >
      AC
       
    </button>
    <button
      onClick={[Function]}
      style={
        Object {
          "backgroundColor": "",
          "width": "25%",
        }
      }
      type="button"
    >
      +/-
       
    </button>
    <button
      onClick={[Function]}
      style={
        Object {
          "backgroundColor": "",
          "width": "25%",
        }
      }
      type="button"
    >
      %
       
    </button>
    <button
      onClick={[Function]}
      style={
        Object {
          "backgroundColor": "orange",
          "width": "25%",
        }
      }
      type="button"
    >
      /
       
    </button>
  </div>
  <div>
    <button
      onClick={[Function]}
      style={
        Object {
          "backgroundColor": "",
          "width": "25%",
        }
      }
      type="button"
    >
      7
       
    </button>
    <button
      onClick={[Function]}
      style={
        Object {
          "backgroundColor": "",
          "width": "25%",
        }
      }
      type="button"
    >
      8
       
    </button>
    <button
      onClick={[Function]}
      style={
        Object {
          "backgroundColor": "",
          "width": "25%",
        }
      }
      type="button"
    >
      9
       
    </button>
    <button
      onClick={[Function]}
      style={
        Object {
          "backgroundColor": "orange",
          "width": "25%",
        }
      }
      type="button"
    >
      x
       
    </button>
  </div>
  <div>
    <button
      onClick={[Function]}
      style={
        Object {
          "backgroundColor": "",
          "width": "25%",
        }
      }
      type="button"
    >
      4
       
    </button>
    <button
      onClick={[Function]}
      style={
        Object {
          "backgroundColor": "",
          "width": "25%",
        }
      }
      type="button"
    >
      5
       
    </button>
    <button
      onClick={[Function]}
      style={
        Object {
          "backgroundColor": "",
          "width": "25%",
        }
      }
      type="button"
    >
      6
       
    </button>
    <button
      onClick={[Function]}
      style={
        Object {
          "backgroundColor": "orange",
          "width": "25%",
        }
      }
      type="button"
    >
      -
       
    </button>
  </div>
  <div>
    <button
      onClick={[Function]}
      style={
        Object {
          "backgroundColor": "",
          "width": "25%",
        }
      }
      type="button"
    >
      1
       
    </button>
    <button
      onClick={[Function]}
      style={
        Object {
          "backgroundColor": "",
          "width": "25%",
        }
      }
      type="button"
    >
      2
       
    </button>
    <button
      onClick={[Function]}
      style={
        Object {
          "backgroundColor": "",
          "width": "25%",
        }
      }
      type="button"
    >
      3
       
    </button>
    <button
      onClick={[Function]}
      style={
        Object {
          "backgroundColor": "orange",
          "width": "25%",
        }
      }
      type="button"
    >
      +
       
    </button>
  </div>
  <div>
    <button
      onClick={[Function]}
      style={
        Object {
          "backgroundColor": "",
          "width": "50%",
        }
      }
      type="button"
    >
      0
       
    </button>
    <button
      onClick={[Function]}
      style={
        Object {
          "backgroundColor": "",
          "width": "25%",
        }
      }
      type="button"
    >
      .
       
    </button>
    <button
      onClick={[Function]}
      style={
        Object {
          "backgroundColor": "orange",
          "width": "25%",
        }
      }
      type="button"
    >
      =
       
    </button>
  </div>
</div>
`;
